
Map of Debug\stm8l10x.sm8 from link file Debug\stm8l10x.lkf - Tue Sep 15 20:09:00 2015


                               --------
                               Segments
                               --------

start 00008080 end 00008080 length     0 segment .const
start 00008083 end 0000828c length   521 segment .text
start 00000000 end 00000000 length     0 segment .bsct
start 00000000 end 00000006 length     6 segment .ubsct
start 00000006 end 00000006 length     0 segment .bit
start 00000006 end 00000006 length     0 segment .share
start 00000100 end 00000100 length     0 segment .data
start 00000100 end 00000100 length     0 segment .bss
start 00000000 end 000010b2 length  4274 segment .info.
start 00000000 end 00010110 length 65808 segment .debug
start 00008000 end 00008080 length   128 segment .const
start 00008080 end 00008083 length     3 segment .init


                               -------
                               Modules
                               -------

C:\Program Files (x86)\COSMIC\CXSTM8_32K\Lib\crtsi0.sm8:
start 00008083 end 000080d3 length    80 section .text
start 00000100 end 00000100 length     0 section .bss
start 00000000 end 00000000 length     0 section .ubsct
start 00000000 end 0000002f length    47 section .info.

Debug\debug.o:
start 00000000 end 0000024c length   588 section .debug
start 0000002f end 000000b7 length   136 section .info.
start ******** end ******** length     0 section .text *** removed ***
start ******** end ******** length     0 section .text *** removed ***
start ******** end ******** length     0 section .const *** removed ***
start ******** end ******** length     0 section .text *** removed ***

Debug\main.o:
start ******** end ******** length     0 section .bsct *** removed ***
start 0000024c end 00000425 length   473 section .debug
start 000000b7 end 0000013e length   135 section .info.
start 000080d3 end 000080df length    12 section .text
start 000080df end 000080fc length    29 section .text
start ******** end ******** length     0 section .text *** removed ***
start 000080fc end 00008106 length    10 section .text
start 00008106 end 00008112 length    12 section .text

Debug\stm8l10x_it.o:
start 00000425 end 00000b00 length  1755 section .debug
start 0000013e end 000001cc length   142 section .info.
start 00008112 end 00008113 length     1 section .text
start 00008113 end 00008114 length     1 section .text
start 00008114 end 00008115 length     1 section .text
start 00008115 end 00008116 length     1 section .text
start 00008116 end 00008117 length     1 section .text
start 00008117 end 00008118 length     1 section .text
start 00008118 end 00008119 length     1 section .text
start 00008119 end 0000811a length     1 section .text
start 0000811a end 0000811b length     1 section .text
start 0000811b end 0000811c length     1 section .text
start 0000811c end 0000811d length     1 section .text
start 0000811d end 0000811e length     1 section .text
start 0000811e end 0000811f length     1 section .text
start 0000811f end 00008120 length     1 section .text
start 00008120 end 00008121 length     1 section .text
start 00008121 end 0000814e length    45 section .text
start 0000814e end 0000814f length     1 section .text
start 0000814f end 00008150 length     1 section .text
start 00008150 end 00008151 length     1 section .text
start 00008151 end 00008152 length     1 section .text
start 00008152 end 00008153 length     1 section .text
start 00008153 end 00008154 length     1 section .text
start 00008154 end 00008155 length     1 section .text
start 00008155 end 00008156 length     1 section .text

Debug\stm8l10x_awu.o:
start 00000b00 end 000010c2 length  1474 section .debug
start 000001cc end 0000025b length   143 section .info.
start ******** end ******** length     0 section .const *** removed ***
start ******** end ******** length     0 section .text *** removed ***
start ******** end ******** length     0 section .text *** removed ***
start ******** end ******** length     0 section .text *** removed ***
start ******** end ******** length     0 section .text *** removed ***
start ******** end ******** length     0 section .text *** removed ***
start ******** end ******** length     0 section .text *** removed ***

Debug\stm8l10x_beep.o:
start 000010c2 end 000013a0 length   734 section .debug
start 0000025b end 000002eb length   144 section .info.
start ******** end ******** length     0 section .text *** removed ***
start ******** end ******** length     0 section .text *** removed ***
start ******** end ******** length     0 section .text *** removed ***
start ******** end ******** length     0 section .const *** removed ***
start ******** end ******** length     0 section .text *** removed ***

Debug\stm8l10x_clk.o:
start 000013a0 end 000019bd length  1565 section .debug
start 000002eb end 0000037a length   143 section .info.
start ******** end ******** length     0 section .const *** removed ***
start ******** end ******** length     0 section .text *** removed ***
start ******** end ******** length     0 section .text *** removed ***
start 00008156 end 0000816c length    22 section .text
start 0000816c end 0000817c length    16 section .text
start ******** end ******** length     0 section .text *** removed ***
start ******** end ******** length     0 section .text *** removed ***

Debug\stm8l10x_comp.o:
start 000019bd end 000026f2 length  3381 section .debug
start 0000037a end 0000040a length   144 section .info.
start ******** end ******** length     0 section .text *** removed ***
start ******** end ******** length     0 section .text *** removed ***
start ******** end ******** length     0 section .text *** removed ***
start ******** end ******** length     0 section .text *** removed ***
start ******** end ******** length     0 section .text *** removed ***
start ******** end ******** length     0 section .text *** removed ***
start ******** end ******** length     0 section .text *** removed ***
start ******** end ******** length     0 section .text *** removed ***
start ******** end ******** length     0 section .text *** removed ***
start ******** end ******** length     0 section .text *** removed ***
start ******** end ******** length     0 section .text *** removed ***
start ******** end ******** length     0 section .text *** removed ***
start ******** end ******** length     0 section .text *** removed ***
start ******** end ******** length     0 section .text *** removed ***
start ******** end ******** length     0 section .text *** removed ***

Debug\stm8l10x_exti.o:
start 000026f2 end 00003050 length  2398 section .debug
start 0000040a end 0000049a length   144 section .info.
start ******** end ******** length     0 section .text *** removed ***
start ******** end ******** length     0 section .text *** removed ***
start ******** end ******** length     0 section .text *** removed ***
start ******** end ******** length     0 section .text *** removed ***
start ******** end ******** length     0 section .text *** removed ***
start ******** end ******** length     0 section .text *** removed ***
start ******** end ******** length     0 section .text *** removed ***
start ******** end ******** length     0 section .text *** removed ***
start ******** end ******** length     0 section .text *** removed ***

Debug\stm8l10x_flash.o:
start 00003050 end 00003b6c length  2844 section .debug
start 0000049a end 0000052b length   145 section .info.
start ******** end ******** length     0 section .text *** removed ***
start ******** end ******** length     0 section .text *** removed ***
start ******** end ******** length     0 section .text *** removed ***
start ******** end ******** length     0 section .text *** removed ***
start ******** end ******** length     0 section .text *** removed ***
start ******** end ******** length     0 section .text *** removed ***
start ******** end ******** length     0 section .text *** removed ***
start ******** end ******** length     0 section .text *** removed ***
start ******** end ******** length     0 section .text *** removed ***
start ******** end ******** length     0 section .text *** removed ***
start ******** end ******** length     0 section .text *** removed ***
start ******** end ******** length     0 section .text *** removed ***
start ******** end ******** length     0 section .text *** removed ***
start ******** end ******** length     0 section .text *** removed ***
start ******** end ******** length     0 section .text *** removed ***
start ******** end ******** length     0 section .text *** removed ***
start ******** end ******** length     0 section .text *** removed ***

Debug\stm8l10x_gpio.o:
start 00003b6c end 000046ad length  2881 section .debug
start 0000052b end 000005bb length   144 section .info.
start ******** end ******** length     0 section .text *** removed ***
start 0000817c end 000081ca length    78 section .text
start ******** end ******** length     0 section .text *** removed ***
start ******** end ******** length     0 section .text *** removed ***
start ******** end ******** length     0 section .text *** removed ***
start ******** end ******** length     0 section .text *** removed ***
start 000081ca end 000081d1 length     7 section .text
start ******** end ******** length     0 section .text *** removed ***
start ******** end ******** length     0 section .text *** removed ***
start ******** end ******** length     0 section .text *** removed ***
start ******** end ******** length     0 section .text *** removed ***
start ******** end ******** length     0 section .text *** removed ***

Debug\stm8l10x_i2c.o:
start 000046ad end 00005ba1 length  5364 section .debug
start 000005bb end 0000064a length   143 section .info.
start ******** end ******** length     0 section .text *** removed ***
start ******** end ******** length     0 section .const *** removed ***
start ******** end ******** length     0 section .text *** removed ***
start ******** end ******** length     0 section .text *** removed ***
start ******** end ******** length     0 section .text *** removed ***
start ******** end ******** length     0 section .text *** removed ***
start ******** end ******** length     0 section .text *** removed ***
start ******** end ******** length     0 section .text *** removed ***
start ******** end ******** length     0 section .text *** removed ***
start ******** end ******** length     0 section .text *** removed ***
start ******** end ******** length     0 section .text *** removed ***
start ******** end ******** length     0 section .text *** removed ***
start ******** end ******** length     0 section .text *** removed ***
start ******** end ******** length     0 section .text *** removed ***
start ******** end ******** length     0 section .text *** removed ***
start ******** end ******** length     0 section .text *** removed ***
start ******** end ******** length     0 section .text *** removed ***
start ******** end ******** length     0 section .text *** removed ***
start ******** end ******** length     0 section .text *** removed ***
start ******** end ******** length     0 section .text *** removed ***
start ******** end ******** length     0 section .text *** removed ***
start ******** end ******** length     0 section .text *** removed ***

Debug\stm8l10x_irtim.o:
start 00005ba1 end 00005dfc length   603 section .debug
start 0000064a end 000006db length   145 section .info.
start ******** end ******** length     0 section .text *** removed ***
start ******** end ******** length     0 section .text *** removed ***
start ******** end ******** length     0 section .text *** removed ***
start ******** end ******** length     0 section .text *** removed ***
start ******** end ******** length     0 section .text *** removed ***

Debug\stm8l10x_itc.o:
start 00005dfc end 000063eb length  1519 section .debug
start 000006db end 0000076a length   143 section .info.
start ******** end ******** length     0 section .text *** removed ***
start ******** end ******** length     0 section .text *** removed ***
start ******** end ******** length     0 section .text *** removed ***
start ******** end ******** length     0 section .const *** removed ***
start ******** end ******** length     0 section .text *** removed ***
start ******** end ******** length     0 section .text *** removed ***

Debug\stm8l10x_iwdg.o:
start 000063eb end 00006790 length   933 section .debug
start 0000076a end 000007fa length   144 section .info.
start ******** end ******** length     0 section .text *** removed ***
start ******** end ******** length     0 section .text *** removed ***
start ******** end ******** length     0 section .text *** removed ***
start ******** end ******** length     0 section .text *** removed ***
start ******** end ******** length     0 section .text *** removed ***

Debug\stm8l10x_rst.o:
start 00006790 end 000069e9 length   601 section .debug
start 000007fa end 00000889 length   143 section .info.
start ******** end ******** length     0 section .text *** removed ***
start ******** end ******** length     0 section .text *** removed ***
start ******** end ******** length     0 section .text *** removed ***

Debug\stm8l10x_spi.o:
start 000069e9 end 00007642 length  3161 section .debug
start 00000889 end 00000918 length   143 section .info.
start ******** end ******** length     0 section .text *** removed ***
start ******** end ******** length     0 section .text *** removed ***
start ******** end ******** length     0 section .text *** removed ***
start ******** end ******** length     0 section .text *** removed ***
start ******** end ******** length     0 section .text *** removed ***
start ******** end ******** length     0 section .text *** removed ***
start ******** end ******** length     0 section .text *** removed ***
start ******** end ******** length     0 section .text *** removed ***
start ******** end ******** length     0 section .text *** removed ***
start ******** end ******** length     0 section .text *** removed ***
start ******** end ******** length     0 section .text *** removed ***
start ******** end ******** length     0 section .text *** removed ***

Debug\stm8l10x_tim2.o:
start 00007642 end 0000a969 length 13095 section .debug
start 00000918 end 000009a8 length   144 section .info.
start 000081d1 end 00008236 length   101 section .text
start 00008236 end 00008256 length    32 section .text
start ******** end ******** length     0 section .text *** removed ***
start ******** end ******** length     0 section .text *** removed ***
start ******** end ******** length     0 section .text *** removed ***
start ******** end ******** length     0 section .text *** removed ***
start ******** end ******** length     0 section .text *** removed ***
start 00008256 end 00008263 length    13 section .text
start ******** end ******** length     0 section .text *** removed ***
start 00008263 end 00008279 length    22 section .text
start ******** end ******** length     0 section .text *** removed ***
start ******** end ******** length     0 section .text *** removed ***
start ******** end ******** length     0 section .text *** removed ***
start ******** end ******** length     0 section .text *** removed ***
start ******** end ******** length     0 section .text *** removed ***
start ******** end ******** length     0 section .text *** removed ***
start ******** end ******** length     0 section .text *** removed ***
start ******** end ******** length     0 section .text *** removed ***
start ******** end ******** length     0 section .text *** removed ***
start ******** end ******** length     0 section .text *** removed ***
start ******** end ******** length     0 section .text *** removed ***
start ******** end ******** length     0 section .text *** removed ***
start ******** end ******** length     0 section .text *** removed ***
start ******** end ******** length     0 section .text *** removed ***
start ******** end ******** length     0 section .text *** removed ***
start ******** end ******** length     0 section .text *** removed ***
start ******** end ******** length     0 section .text *** removed ***
start ******** end ******** length     0 section .text *** removed ***
start ******** end ******** length     0 section .text *** removed ***
start ******** end ******** length     0 section .text *** removed ***
start ******** end ******** length     0 section .text *** removed ***
start ******** end ******** length     0 section .text *** removed ***
start ******** end ******** length     0 section .text *** removed ***
start ******** end ******** length     0 section .text *** removed ***
start ******** end ******** length     0 section .text *** removed ***
start ******** end ******** length     0 section .text *** removed ***
start ******** end ******** length     0 section .text *** removed ***
start ******** end ******** length     0 section .text *** removed ***
start ******** end ******** length     0 section .text *** removed ***
start ******** end ******** length     0 section .text *** removed ***
start ******** end ******** length     0 section .text *** removed ***
start ******** end ******** length     0 section .text *** removed ***
start ******** end ******** length     0 section .text *** removed ***
start ******** end ******** length     0 section .text *** removed ***
start ******** end ******** length     0 section .text *** removed ***
start ******** end ******** length     0 section .text *** removed ***
start ******** end ******** length     0 section .text *** removed ***
start ******** end ******** length     0 section .text *** removed ***
start ******** end ******** length     0 section .text *** removed ***
start 00008279 end 00008287 length    14 section .text
start ******** end ******** length     0 section .text *** removed ***
start 00008287 end 0000828c length     5 section .text
start ******** end ******** length     0 section .text *** removed ***
start ******** end ******** length     0 section .text *** removed ***
start ******** end ******** length     0 section .text *** removed ***
start ******** end ******** length     0 section .text *** removed ***

Debug\stm8l10x_tim3.o:
start 0000a969 end 0000dbbb length 12882 section .debug
start 000009a8 end 00000a38 length   144 section .info.
start ******** end ******** length     0 section .text *** removed ***
start ******** end ******** length     0 section .text *** removed ***
start ******** end ******** length     0 section .text *** removed ***
start ******** end ******** length     0 section .text *** removed ***
start ******** end ******** length     0 section .text *** removed ***
start ******** end ******** length     0 section .text *** removed ***
start ******** end ******** length     0 section .text *** removed ***
start ******** end ******** length     0 section .text *** removed ***
start ******** end ******** length     0 section .text *** removed ***
start ******** end ******** length     0 section .text *** removed ***
start ******** end ******** length     0 section .text *** removed ***
start ******** end ******** length     0 section .text *** removed ***
start ******** end ******** length     0 section .text *** removed ***
start ******** end ******** length     0 section .text *** removed ***
start ******** end ******** length     0 section .text *** removed ***
start ******** end ******** length     0 section .text *** removed ***
start ******** end ******** length     0 section .text *** removed ***
start ******** end ******** length     0 section .text *** removed ***
start ******** end ******** length     0 section .text *** removed ***
start ******** end ******** length     0 section .text *** removed ***
start ******** end ******** length     0 section .text *** removed ***
start ******** end ******** length     0 section .text *** removed ***
start ******** end ******** length     0 section .text *** removed ***
start ******** end ******** length     0 section .text *** removed ***
start ******** end ******** length     0 section .text *** removed ***
start ******** end ******** length     0 section .text *** removed ***
start ******** end ******** length     0 section .text *** removed ***
start ******** end ******** length     0 section .text *** removed ***
start ******** end ******** length     0 section .text *** removed ***
start ******** end ******** length     0 section .text *** removed ***
start ******** end ******** length     0 section .text *** removed ***
start ******** end ******** length     0 section .text *** removed ***
start ******** end ******** length     0 section .text *** removed ***
start ******** end ******** length     0 section .text *** removed ***
start ******** end ******** length     0 section .text *** removed ***
start ******** end ******** length     0 section .text *** removed ***
start ******** end ******** length     0 section .text *** removed ***
start ******** end ******** length     0 section .text *** removed ***
start ******** end ******** length     0 section .text *** removed ***
start ******** end ******** length     0 section .text *** removed ***
start ******** end ******** length     0 section .text *** removed ***
start ******** end ******** length     0 section .text *** removed ***
start ******** end ******** length     0 section .text *** removed ***
start ******** end ******** length     0 section .text *** removed ***
start ******** end ******** length     0 section .text *** removed ***
start ******** end ******** length     0 section .text *** removed ***
start ******** end ******** length     0 section .text *** removed ***
start ******** end ******** length     0 section .text *** removed ***
start ******** end ******** length     0 section .text *** removed ***
start ******** end ******** length     0 section .text *** removed ***
start ******** end ******** length     0 section .text *** removed ***
start ******** end ******** length     0 section .text *** removed ***
start ******** end ******** length     0 section .text *** removed ***
start ******** end ******** length     0 section .text *** removed ***
start ******** end ******** length     0 section .text *** removed ***

Debug\stm8l10x_tim4.o:
start 0000dbbb end 0000eda3 length  4584 section .debug
start 00000a38 end 00000ac8 length   144 section .info.
start ******** end ******** length     0 section .text *** removed ***
start ******** end ******** length     0 section .text *** removed ***
start ******** end ******** length     0 section .text *** removed ***
start ******** end ******** length     0 section .text *** removed ***
start ******** end ******** length     0 section .text *** removed ***
start ******** end ******** length     0 section .text *** removed ***
start ******** end ******** length     0 section .text *** removed ***
start ******** end ******** length     0 section .text *** removed ***
start ******** end ******** length     0 section .text *** removed ***
start ******** end ******** length     0 section .text *** removed ***
start ******** end ******** length     0 section .text *** removed ***
start ******** end ******** length     0 section .text *** removed ***
start ******** end ******** length     0 section .text *** removed ***
start ******** end ******** length     0 section .text *** removed ***
start ******** end ******** length     0 section .text *** removed ***
start ******** end ******** length     0 section .text *** removed ***
start ******** end ******** length     0 section .text *** removed ***
start ******** end ******** length     0 section .text *** removed ***
start ******** end ******** length     0 section .text *** removed ***
start ******** end ******** length     0 section .text *** removed ***
start ******** end ******** length     0 section .text *** removed ***
start ******** end ******** length     0 section .text *** removed ***
start ******** end ******** length     0 section .text *** removed ***
start ******** end ******** length     0 section .text *** removed ***

Debug\stm8l10x_usart.o:
start 0000eda3 end 0000fbd9 length  3638 section .debug
start 00000ac8 end 00000b59 length   145 section .info.
start ******** end ******** length     0 section .text *** removed ***
start ******** end ******** length     0 section .text *** removed ***
start ******** end ******** length     0 section .text *** removed ***
start ******** end ******** length     0 section .text *** removed ***
start ******** end ******** length     0 section .text *** removed ***
start ******** end ******** length     0 section .text *** removed ***
start ******** end ******** length     0 section .text *** removed ***
start ******** end ******** length     0 section .text *** removed ***
start ******** end ******** length     0 section .text *** removed ***
start ******** end ******** length     0 section .text *** removed ***
start ******** end ******** length     0 section .text *** removed ***
start ******** end ******** length     0 section .text *** removed ***
start ******** end ******** length     0 section .text *** removed ***
start ******** end ******** length     0 section .text *** removed ***
start ******** end ******** length     0 section .text *** removed ***
start ******** end ******** length     0 section .text *** removed ***
start ******** end ******** length     0 section .text *** removed ***

Debug\stm8l10x_wfe.o:
start 0000fbd9 end 0000ffea length  1041 section .debug
start 00000b59 end 00000be8 length   143 section .info.
start ******** end ******** length     0 section .text *** removed ***
start ******** end ******** length     0 section .text *** removed ***
start ******** end ******** length     0 section .text *** removed ***

(C:\Program Files (x86)\COSMIC\CXSTM8_32K\Lib\libm0.sm8)imul.o:
start ******** end ******** length     0 section .text *** removed ***
start 00000be8 end 00000c16 length    46 section .info.

(C:\Program Files (x86)\COSMIC\CXSTM8_32K\Lib\libm0.sm8)lcmp.o:
start ******** end ******** length     0 section .text *** removed ***
start 00000c16 end 00000c44 length    46 section .info.

(C:\Program Files (x86)\COSMIC\CXSTM8_32K\Lib\libm0.sm8)lgsbc.o:
start ******** end ******** length     0 section .text *** removed ***
start 00000c44 end 00000c73 length    47 section .info.

(C:\Program Files (x86)\COSMIC\CXSTM8_32K\Lib\libm0.sm8)llsh.o:
start ******** end ******** length     0 section .text *** removed ***
start 00000c73 end 00000ca1 length    46 section .info.

(C:\Program Files (x86)\COSMIC\CXSTM8_32K\Lib\libm0.sm8)lmul.o:
start ******** end ******** length     0 section .text *** removed ***
start 00000ca1 end 00000ccf length    46 section .info.

(C:\Program Files (x86)\COSMIC\CXSTM8_32K\Lib\libm0.sm8)lreg.o:
start ******** end ******** length     0 section .ubsct *** removed ***
start 00000ccf end 00000cfd length    46 section .info.

(C:\Program Files (x86)\COSMIC\CXSTM8_32K\Lib\libm0.sm8)lrzmp.o:
start ******** end ******** length     0 section .text *** removed ***
start 00000cfd end 00000d2c length    47 section .info.

(C:\Program Files (x86)\COSMIC\CXSTM8_32K\Lib\libm0.sm8)ltor.o:
start ******** end ******** length     0 section .text *** removed ***
start 00000d2c end 00000d5a length    46 section .info.

(C:\Program Files (x86)\COSMIC\CXSTM8_32K\Lib\libm0.sm8)ludiv.o:
start ******** end ******** length     0 section .text *** removed ***
start 00000d5a end 00000d89 length    47 section .info.

(C:\Program Files (x86)\COSMIC\CXSTM8_32K\Lib\libm0.sm8)ldiv.o:
start ******** end ******** length     0 section .text *** removed ***
start 00000d89 end 00000db7 length    46 section .info.

(C:\Program Files (x86)\COSMIC\CXSTM8_32K\Lib\libm0.sm8)lgneg.o:
start ******** end ******** length     0 section .text *** removed ***
start 00000db7 end 00000de6 length    47 section .info.

(C:\Program Files (x86)\COSMIC\CXSTM8_32K\Lib\libm0.sm8)lneg.o:
start ******** end ******** length     0 section .text *** removed ***
start 00000de6 end 00000e14 length    46 section .info.

(C:\Program Files (x86)\COSMIC\CXSTM8_32K\Lib\libm0.sm8)lumod.o:
start ******** end ******** length     0 section .text *** removed ***
start 00000e14 end 00000e43 length    47 section .info.

(C:\Program Files (x86)\COSMIC\CXSTM8_32K\Lib\libm0.sm8)lursh.o:
start ******** end ******** length     0 section .text *** removed ***
start 00000e43 end 00000e72 length    47 section .info.

(C:\Program Files (x86)\COSMIC\CXSTM8_32K\Lib\libm0.sm8)lzmp.o:
start ******** end ******** length     0 section .text *** removed ***
start 00000e72 end 00000ea0 length    46 section .info.

(C:\Program Files (x86)\COSMIC\CXSTM8_32K\Lib\libm0.sm8)rtol.o:
start ******** end ******** length     0 section .text *** removed ***
start 00000ea0 end 00000ece length    46 section .info.

(C:\Program Files (x86)\COSMIC\CXSTM8_32K\Lib\libm0.sm8)sdivx.o:
start ******** end ******** length     0 section .text *** removed ***
start 00000ece end 00000efd length    47 section .info.

(C:\Program Files (x86)\COSMIC\CXSTM8_32K\Lib\libm0.sm8)smul.o:
start ******** end ******** length     0 section .text *** removed ***
start 00000efd end 00000f2b length    46 section .info.

(C:\Program Files (x86)\COSMIC\CXSTM8_32K\Lib\libm0.sm8)utol.o:
start ******** end ******** length     0 section .text *** removed ***
start 00000f2b end 00000f59 length    46 section .info.

(C:\Program Files (x86)\COSMIC\CXSTM8_32K\Lib\libm0.sm8)utolx.o:
start ******** end ******** length     0 section .text *** removed ***
start 00000f59 end 00000f88 length    47 section .info.

(C:\Program Files (x86)\COSMIC\CXSTM8_32K\Lib\libm0.sm8)xreg.o:
start 00000000 end 00000003 length     3 section .ubsct
start 00000f88 end 00000fb6 length    46 section .info.

(C:\Program Files (x86)\COSMIC\CXSTM8_32K\Lib\libm0.sm8)yreg.o:
start 00000003 end 00000006 length     3 section .ubsct
start 00000fb6 end 00000fe4 length    46 section .info.

Debug\stm8_interrupt_vector.o:
start 0000ffea end 00010110 length   294 section .debug
start 00000fe4 end 0000107c length   152 section .info.
start 00008000 end 00008080 length   128 section .const


                             -----------
                             Stack usage
                             -----------

Debug\main.o:
_CLK_Config                             6   (2)
_GPIO_Config                            8   (2)
_TIM2_Config                            8   (2)
_main                              >   10   (2)

Debug\stm8l10x_clk.o:
_CLK_MasterPrescalerConfig              3   (3)
_CLK_PeripheralClockConfig              4   (4)

Debug\stm8l10x_gpio.o:
_GPIO_Init                              6   (6)
_GPIO_ToggleBits                        5   (5)

Debug\stm8l10x_it.o:
f_AWU_IRQHandler                   >    6   (6)
f_COMP_IRQHandler                  >    6   (6)
f_EXTI0_IRQHandler                 >    6   (6)
f_EXTI1_IRQHandler                 >    6   (6)
f_EXTI2_IRQHandler                 >    6   (6)
f_EXTI3_IRQHandler                 >    6   (6)
f_EXTI4_IRQHandler                 >    6   (6)
f_EXTI5_IRQHandler                 >    6   (6)
f_EXTI6_IRQHandler                 >    6   (6)
f_EXTI7_IRQHandler                 >    6   (6)
f_EXTIB_IRQHandler                 >    6   (6)
f_EXTID_IRQHandler                 >    6   (6)
f_FLASH_IRQHandler                 >    6   (6)
f_I2C_IRQHandler                   >    6   (6)
f_NonHandledInterrupt              >    6   (6)
f_SPI_IRQHandler                   >    6   (6)
f_TIM2_CAP_IRQHandler              >    6   (6)
f_TIM2_UPD_OVF_TRG_BRK_IRQHandler  >   17   (12)
f_TIM3_CAP_IRQHandler              >    6   (6)
f_TIM3_UPD_OVF_TRG_BRK_IRQHandler  >    6   (6)
f_TIM4_UPD_OVF_IRQHandler          >    6   (6)
f_TRAP_IRQHandler                  >    6   (6)
f_USART_RX_IRQHandler              >    6   (6)
f_USART_TX_IRQHandler              >    6   (6)

Debug\stm8l10x_tim2.o:
_TIM2_ClearFlag                         4   (4)
_TIM2_ClearITPendingBit                 2   (2)
_TIM2_Cmd                               2   (2)
_TIM2_DeInit                            2   (2)
_TIM2_ITConfig                          4   (4)
_TIM2_TimeBaseInit                      6   (6)

Stack size: 27


                              ---------
                              Call tree
                              ---------
   1 > __stext: (0)

   2 > _main: (2)
   3      + _CLK_Config: (2)
   4      |    + _CLK_MasterPrescalerConfig: (3)
   5      |    + _CLK_PeripheralClockConfig: (4)
          | 
   6      + _GPIO_Config: (2)
   7      |    + _GPIO_Init: (6)
          | 
   8      + _TIM2_Config: (2)
   9      |    + _TIM2_ClearFlag: (4)
  10      |    + _TIM2_Cmd: (2)
  11      |    + _TIM2_DeInit: (2)
  12      |    + _TIM2_ITConfig: (4)
  13      |    + _TIM2_TimeBaseInit: (6)
          | 
       
  14 > f_AWU_IRQHandler: (6)

  15 > f_COMP_IRQHandler: (6)

  16 > f_EXTI0_IRQHandler: (6)

  17 > f_EXTI1_IRQHandler: (6)

  18 > f_EXTI2_IRQHandler: (6)

  19 > f_EXTI3_IRQHandler: (6)

  20 > f_EXTI4_IRQHandler: (6)

  21 > f_EXTI5_IRQHandler: (6)

  22 > f_EXTI6_IRQHandler: (6)

  23 > f_EXTI7_IRQHandler: (6)

  24 > f_EXTIB_IRQHandler: (6)

  25 > f_EXTID_IRQHandler: (6)

  26 > f_FLASH_IRQHandler: (6)

  27 > f_I2C_IRQHandler: (6)

  28 > f_NonHandledInterrupt: (6)

  29 > f_SPI_IRQHandler: (6)

  30 > f_TIM2_CAP_IRQHandler: (6)

  31 > f_TIM2_UPD_OVF_TRG_BRK_IRQHandler: (12)
  32      + _GPIO_ToggleBits: (5)
  33      + _TIM2_ClearITPendingBit: (2)
       
  34 > f_TIM3_CAP_IRQHandler: (6)

  35 > f_TIM3_UPD_OVF_TRG_BRK_IRQHandler: (6)

  36 > f_TIM4_UPD_OVF_IRQHandler: (6)

  37 > f_TRAP_IRQHandler: (6)

  38 > f_USART_RX_IRQHandler: (6)

  39 > f_USART_TX_IRQHandler: (6)

  40   _CLK_Config --> 3

  41   _CLK_MasterPrescalerConfig --> 4

  42   _CLK_PeripheralClockConfig --> 5

  43   _GPIO_Config --> 6

  44   _GPIO_Init --> 7

  45   _GPIO_ToggleBits --> 32

  46   _TIM2_ClearFlag --> 9

  47   _TIM2_ClearITPendingBit --> 33

  48   _TIM2_Cmd --> 10

  49   _TIM2_Config --> 8

  50   _TIM2_DeInit --> 11

  51   _TIM2_ITConfig --> 12

  52   _TIM2_TimeBaseInit --> 13



                               -------
                               Symbols
                               -------

_APR_Array                          ********   *** removed from Debug\stm8l10x_awu.o ***
_AWU_Cmd                            ********   *** removed from Debug\stm8l10x_awu.o ***
_AWU_DeInit                         ********   *** removed from Debug\stm8l10x_awu.o ***
_AWU_GetFlagStatus                  ********   *** removed from Debug\stm8l10x_awu.o ***
_AWU_IdleModeEnable                 ********   *** removed from Debug\stm8l10x_awu.o ***
_AWU_Init                           ********   *** removed from Debug\stm8l10x_awu.o ***
_AWU_LSICalibrationConfig           ********   *** removed from Debug\stm8l10x_awu.o ***
_BEEP_Cmd                           ********   *** removed from Debug\stm8l10x_beep.o ***
_BEEP_DeInit                        ********   *** removed from Debug\stm8l10x_beep.o ***
_BEEP_Init                          ********   *** removed from Debug\stm8l10x_beep.o ***
_BEEP_LSICalibrationConfig          ********   *** removed from Debug\stm8l10x_beep.o ***
_CLK_CCOCmd                         ********   *** removed from Debug\stm8l10x_clk.o ***
_CLK_CCOConfig                      ********   *** removed from Debug\stm8l10x_clk.o ***
_CLK_Config                         000080fc   defined in Debug\main.o section .text
_CLK_DeInit                         ********   *** removed from Debug\stm8l10x_clk.o ***
_CLK_GetClockFreq                   ********   *** removed from Debug\stm8l10x_clk.o ***
_CLK_MasterPrescalerConfig          0000816c   defined in Debug\stm8l10x_clk.o section .text
                                               used in Debug\main.o
_CLK_PeripheralClockConfig          00008156   defined in Debug\stm8l10x_clk.o section .text
                                               used in Debug\main.o
_COMP_ClearFlag                     ********   *** removed from Debug\stm8l10x_comp.o ***
_COMP_ClearITPendingBit             ********   *** removed from Debug\stm8l10x_comp.o ***
_COMP_Cmd                           ********   *** removed from Debug\stm8l10x_comp.o ***
_COMP_DeInit                        ********   *** removed from Debug\stm8l10x_comp.o ***
_COMP_GetFlagStatus                 ********   *** removed from Debug\stm8l10x_comp.o ***
_COMP_GetITStatus                   ********   *** removed from Debug\stm8l10x_comp.o ***
_COMP_GetOutputStatus               ********   *** removed from Debug\stm8l10x_comp.o ***
_COMP_ITConfig                      ********   *** removed from Debug\stm8l10x_comp.o ***
_COMP_Init                          ********   *** removed from Debug\stm8l10x_comp.o ***
_COMP_SelectPolarity                ********   *** removed from Debug\stm8l10x_comp.o ***
_COMP_SelectionConfig               ********   *** removed from Debug\stm8l10x_comp.o ***
_COMP_SetReference                  ********   *** removed from Debug\stm8l10x_comp.o ***
_COMP_SwitchConfig                  ********   *** removed from Debug\stm8l10x_comp.o ***
_COMP_TIM2Config                    ********   *** removed from Debug\stm8l10x_comp.o ***
_COMP_TIMConnect                    ********   *** removed from Debug\stm8l10x_comp.o ***
_EXTI_ClearITPendingBit             ********   *** removed from Debug\stm8l10x_exti.o ***
_EXTI_DeInit                        ********   *** removed from Debug\stm8l10x_exti.o ***
_EXTI_GetHalfPortSelection          ********   *** removed from Debug\stm8l10x_exti.o ***
_EXTI_GetITStatus                   ********   *** removed from Debug\stm8l10x_exti.o ***
_EXTI_GetPinSensitivity             ********   *** removed from Debug\stm8l10x_exti.o ***
_EXTI_GetPortSensitivity            ********   *** removed from Debug\stm8l10x_exti.o ***
_EXTI_SetHalfPortSelection          ********   *** removed from Debug\stm8l10x_exti.o ***
_EXTI_SetPinSensitivity             ********   *** removed from Debug\stm8l10x_exti.o ***
_EXTI_SetPortSensitivity            ********   *** removed from Debug\stm8l10x_exti.o ***
_FLASH_DeInit                       ********   *** removed from Debug\stm8l10x_flash.o ***
_FLASH_EraseBlock                   ********   *** removed from Debug\stm8l10x_flash.o ***
_FLASH_EraseByte                    ********   *** removed from Debug\stm8l10x_flash.o ***
_FLASH_GetBootSize                  ********   *** removed from Debug\stm8l10x_flash.o ***
_FLASH_GetDataSize                  ********   *** removed from Debug\stm8l10x_flash.o ***
_FLASH_GetFlagStatus                ********   *** removed from Debug\stm8l10x_flash.o ***
_FLASH_GetProgrammingTime           ********   *** removed from Debug\stm8l10x_flash.o ***
_FLASH_GetReadOutProtectionStatus   ********   *** removed from Debug\stm8l10x_flash.o ***
_FLASH_ITConfig                     ********   *** removed from Debug\stm8l10x_flash.o ***
_FLASH_Lock                         ********   *** removed from Debug\stm8l10x_flash.o ***
_FLASH_ProgramBlock                 ********   *** removed from Debug\stm8l10x_flash.o ***
_FLASH_ProgramByte                  ********   *** removed from Debug\stm8l10x_flash.o ***
_FLASH_ProgramWord                  ********   *** removed from Debug\stm8l10x_flash.o ***
_FLASH_ReadByte                     ********   *** removed from Debug\stm8l10x_flash.o ***
_FLASH_SetProgrammingTime           ********   *** removed from Debug\stm8l10x_flash.o ***
_FLASH_Unlock                       ********   *** removed from Debug\stm8l10x_flash.o ***
_FLASH_WaitForLastOperation         ********   *** removed from Debug\stm8l10x_flash.o ***
_GPIO_Config                        000080d3   defined in Debug\main.o section .text
_GPIO_DeInit                        ********   *** removed from Debug\stm8l10x_gpio.o ***
_GPIO_ExternalPullUpConfig          ********   *** removed from Debug\stm8l10x_gpio.o ***
_GPIO_Init                          0000817c   defined in Debug\stm8l10x_gpio.o section .text
                                               used in Debug\debug.o Debug\main.o
_GPIO_ReadInputData                 ********   *** removed from Debug\stm8l10x_gpio.o ***
_GPIO_ReadInputDataBit              ********   *** removed from Debug\stm8l10x_gpio.o ***
_GPIO_ReadOutputData                ********   *** removed from Debug\stm8l10x_gpio.o ***
_GPIO_ReadOutputDataBit             ********   *** removed from Debug\stm8l10x_gpio.o ***
_GPIO_ResetBits                     ********   *** removed from Debug\stm8l10x_gpio.o ***
_GPIO_SetBits                       ********   *** removed from Debug\stm8l10x_gpio.o ***
_GPIO_ToggleBits                    000081ca   defined in Debug\stm8l10x_gpio.o section .text
                                               used in Debug\stm8l10x_it.o
_GPIO_Write                         ********   *** removed from Debug\stm8l10x_gpio.o ***
_GPIO_WriteBit                      ********   *** removed from Debug\stm8l10x_gpio.o ***
_HSIDivFactor                       ********   *** removed from Debug\stm8l10x_clk.o ***
_I2C_AckPositionConfig              ********   *** removed from Debug\stm8l10x_i2c.o ***
_I2C_AcknowledgeConfig              ********   *** removed from Debug\stm8l10x_i2c.o ***
_I2C_CheckEvent                     ********   *** removed from Debug\stm8l10x_i2c.o ***
_I2C_ClearFlag                      ********   *** removed from Debug\stm8l10x_i2c.o ***
_I2C_ClearITPendingBit              ********   *** removed from Debug\stm8l10x_i2c.o ***
_I2C_Cmd                            ********   *** removed from Debug\stm8l10x_i2c.o ***
_I2C_DeInit                         ********   *** removed from Debug\stm8l10x_i2c.o ***
_I2C_FastModeDutyCycleConfig        ********   *** removed from Debug\stm8l10x_i2c.o ***
_I2C_GeneralCallCmd                 ********   *** removed from Debug\stm8l10x_i2c.o ***
_I2C_GenerateSTART                  ********   *** removed from Debug\stm8l10x_i2c.o ***
_I2C_GenerateSTOP                   ********   *** removed from Debug\stm8l10x_i2c.o ***
_I2C_GetFlagStatus                  ********   *** removed from Debug\stm8l10x_i2c.o ***
_I2C_GetITStatus                    ********   *** removed from Debug\stm8l10x_i2c.o ***
_I2C_GetLastEvent                   ********   *** removed from Debug\stm8l10x_i2c.o ***
_I2C_ITConfig                       ********   *** removed from Debug\stm8l10x_i2c.o ***
_I2C_Init                           ********   *** removed from Debug\stm8l10x_i2c.o ***
_I2C_ReceiveData                    ********   *** removed from Debug\stm8l10x_i2c.o ***
_I2C_Send7bitAddress                ********   *** removed from Debug\stm8l10x_i2c.o ***
_I2C_SendData                       ********   *** removed from Debug\stm8l10x_i2c.o ***
_I2C_SoftwareResetCmd               ********   *** removed from Debug\stm8l10x_i2c.o ***
_I2C_StretchClockCmd                ********   *** removed from Debug\stm8l10x_i2c.o ***
_IRTIM_Cmd                          ********   *** removed from Debug\stm8l10x_irtim.o ***
_IRTIM_DeInit                       ********   *** removed from Debug\stm8l10x_irtim.o ***
_IRTIM_GetHighSinkODStatus          ********   *** removed from Debug\stm8l10x_irtim.o ***
_IRTIM_GetStatus                    ********   *** removed from Debug\stm8l10x_irtim.o ***
_IRTIM_HighSinkODCmd                ********   *** removed from Debug\stm8l10x_irtim.o ***
_ITC_DeInit                         ********   *** removed from Debug\stm8l10x_itc.o ***
_ITC_GetCPUCC                       ********   *** removed from Debug\stm8l10x_itc.o ***
_ITC_GetSoftIntStatus               ********   *** removed from Debug\stm8l10x_itc.o ***
_ITC_GetSoftwarePriority            ********   *** removed from Debug\stm8l10x_itc.o ***
_ITC_SetSoftwarePriority            ********   *** removed from Debug\stm8l10x_itc.o ***
_IWDG_Enable                        ********   *** removed from Debug\stm8l10x_iwdg.o ***
_IWDG_ReloadCounter                 ********   *** removed from Debug\stm8l10x_iwdg.o ***
_IWDG_SetPrescaler                  ********   *** removed from Debug\stm8l10x_iwdg.o ***
_IWDG_SetReload                     ********   *** removed from Debug\stm8l10x_iwdg.o ***
_IWDG_WriteAccessCmd                ********   *** removed from Debug\stm8l10x_iwdg.o ***
_PRINTF                             ********   *** removed from Debug\debug.o ***
_RST_ClearFlag                      ********   *** removed from Debug\stm8l10x_rst.o ***
_RST_GPOutputEnable                 ********   *** removed from Debug\stm8l10x_rst.o ***
_RST_GetFlagStatus                  ********   *** removed from Debug\stm8l10x_rst.o ***
_SPI_BiDirectionalLineConfig        ********   *** removed from Debug\stm8l10x_spi.o ***
_SPI_ClearFlag                      ********   *** removed from Debug\stm8l10x_spi.o ***
_SPI_ClearITPendingBit              ********   *** removed from Debug\stm8l10x_spi.o ***
_SPI_Cmd                            ********   *** removed from Debug\stm8l10x_spi.o ***
_SPI_DeInit                         ********   *** removed from Debug\stm8l10x_spi.o ***
_SPI_GetFlagStatus                  ********   *** removed from Debug\stm8l10x_spi.o ***
_SPI_GetITStatus                    ********   *** removed from Debug\stm8l10x_spi.o ***
_SPI_ITConfig                       ********   *** removed from Debug\stm8l10x_spi.o ***
_SPI_Init                           ********   *** removed from Debug\stm8l10x_spi.o ***
_SPI_NSSInternalSoftwareCmd         ********   *** removed from Debug\stm8l10x_spi.o ***
_SPI_ReceiveData                    ********   *** removed from Debug\stm8l10x_spi.o ***
_SPI_SendData                       ********   *** removed from Debug\stm8l10x_spi.o ***
_TBR_Array                          ********   *** removed from Debug\stm8l10x_awu.o ***
_TIM2_ARRPreloadConfig              ********   *** removed from Debug\stm8l10x_tim2.o ***
_TIM2_BKRConfig                     ********   *** removed from Debug\stm8l10x_tim2.o ***
_TIM2_CCxCmd                        ********   *** removed from Debug\stm8l10x_tim2.o ***
_TIM2_ClearFlag                     00008279   defined in Debug\stm8l10x_tim2.o section .text
                                               used in Debug\main.o
_TIM2_ClearITPendingBit             00008287   defined in Debug\stm8l10x_tim2.o section .text
                                               used in Debug\stm8l10x_it.o
_TIM2_Cmd                           00008256   defined in Debug\stm8l10x_tim2.o section .text
                                               used in Debug\main.o
_TIM2_ComputeLsiClockFreq           ********   *** removed from Debug\stm8l10x_tim2.o ***
_TIM2_Config                        000080df   defined in Debug\main.o section .text
_TIM2_CounterModeConfig             ********   *** removed from Debug\stm8l10x_tim2.o ***
_TIM2_CtrlPWMOutputs                ********   *** removed from Debug\stm8l10x_tim2.o ***
_TIM2_DeInit                        000081d1   defined in Debug\stm8l10x_tim2.o section .text
                                               used in Debug\main.o
_TIM2_ETRClockMode1Config           ********   *** removed from Debug\stm8l10x_tim2.o ***
_TIM2_ETRClockMode2Config           ********   *** removed from Debug\stm8l10x_tim2.o ***
_TIM2_ETRConfig                     ********   *** removed from Debug\stm8l10x_tim2.o ***
_TIM2_EncoderInterfaceConfig        ********   *** removed from Debug\stm8l10x_tim2.o ***
_TIM2_ForcedOC1Config               ********   *** removed from Debug\stm8l10x_tim2.o ***
_TIM2_ForcedOC2Config               ********   *** removed from Debug\stm8l10x_tim2.o ***
_TIM2_GenerateEvent                 ********   *** removed from Debug\stm8l10x_tim2.o ***
_TIM2_GetCapture1                   ********   *** removed from Debug\stm8l10x_tim2.o ***
_TIM2_GetCapture2                   ********   *** removed from Debug\stm8l10x_tim2.o ***
_TIM2_GetCounter                    ********   *** removed from Debug\stm8l10x_tim2.o ***
_TIM2_GetFlagStatus                 ********   *** removed from Debug\stm8l10x_tim2.o ***
_TIM2_GetITStatus                   ********   *** removed from Debug\stm8l10x_tim2.o ***
_TIM2_GetPrescaler                  ********   *** removed from Debug\stm8l10x_tim2.o ***
_TIM2_GetStatus                     ********   *** removed from Debug\stm8l10x_tim2.o ***
_TIM2_ICInit                        ********   *** removed from Debug\stm8l10x_tim2.o ***
_TIM2_ITConfig                      00008263   defined in Debug\stm8l10x_tim2.o section .text
                                               used in Debug\main.o
_TIM2_InternalClockConfig           ********   *** removed from Debug\stm8l10x_tim2.o ***
_TIM2_OC1FastCmd                    ********   *** removed from Debug\stm8l10x_tim2.o ***
_TIM2_OC1Init                       ********   *** removed from Debug\stm8l10x_tim2.o ***
_TIM2_OC1PolarityConfig             ********   *** removed from Debug\stm8l10x_tim2.o ***
_TIM2_OC1PreloadConfig              ********   *** removed from Debug\stm8l10x_tim2.o ***
_TIM2_OC2FastCmd                    ********   *** removed from Debug\stm8l10x_tim2.o ***
_TIM2_OC2Init                       ********   *** removed from Debug\stm8l10x_tim2.o ***
_TIM2_OC2PolarityConfig             ********   *** removed from Debug\stm8l10x_tim2.o ***
_TIM2_OC2PreloadConfig              ********   *** removed from Debug\stm8l10x_tim2.o ***
_TIM2_PWMIConfig                    ********   *** removed from Debug\stm8l10x_tim2.o ***
_TIM2_PrescalerConfig               ********   *** removed from Debug\stm8l10x_tim2.o ***
_TIM2_SelectHallSensor              ********   *** removed from Debug\stm8l10x_tim2.o ***
_TIM2_SelectInputTrigger            ********   *** removed from Debug\stm8l10x_tim2.o ***
_TIM2_SelectMasterSlaveMode         ********   *** removed from Debug\stm8l10x_tim2.o ***
_TIM2_SelectOCxM                    ********   *** removed from Debug\stm8l10x_tim2.o ***
_TIM2_SelectOnePulseMode            ********   *** removed from Debug\stm8l10x_tim2.o ***
_TIM2_SelectOutputTrigger           ********   *** removed from Debug\stm8l10x_tim2.o ***
_TIM2_SelectSlaveMode               ********   *** removed from Debug\stm8l10x_tim2.o ***
_TIM2_SetAutoreload                 ********   *** removed from Debug\stm8l10x_tim2.o ***
_TIM2_SetCompare1                   ********   *** removed from Debug\stm8l10x_tim2.o ***
_TIM2_SetCompare2                   ********   *** removed from Debug\stm8l10x_tim2.o ***
_TIM2_SetCounter                    ********   *** removed from Debug\stm8l10x_tim2.o ***
_TIM2_SetIC1Prescaler               ********   *** removed from Debug\stm8l10x_tim2.o ***
_TIM2_SetIC2Prescaler               ********   *** removed from Debug\stm8l10x_tim2.o ***
_TIM2_TIxExternalClockConfig        ********   *** removed from Debug\stm8l10x_tim2.o ***
_TIM2_TimeBaseInit                  00008236   defined in Debug\stm8l10x_tim2.o section .text
                                               used in Debug\main.o
_TIM2_UpdateDisableConfig           ********   *** removed from Debug\stm8l10x_tim2.o ***
_TIM2_UpdateRequestConfig           ********   *** removed from Debug\stm8l10x_tim2.o ***
_TIM3_ARRPreloadConfig              ********   *** removed from Debug\stm8l10x_tim3.o ***
_TIM3_BKRConfig                     ********   *** removed from Debug\stm8l10x_tim3.o ***
_TIM3_CCxCmd                        ********   *** removed from Debug\stm8l10x_tim3.o ***
_TIM3_ClearFlag                     ********   *** removed from Debug\stm8l10x_tim3.o ***
_TIM3_ClearITPendingBit             ********   *** removed from Debug\stm8l10x_tim3.o ***
_TIM3_Cmd                           ********   *** removed from Debug\stm8l10x_tim3.o ***
_TIM3_CounterModeConfig             ********   *** removed from Debug\stm8l10x_tim3.o ***
_TIM3_CtrlPWMOutputs                ********   *** removed from Debug\stm8l10x_tim3.o ***
_TIM3_DeInit                        ********   *** removed from Debug\stm8l10x_tim3.o ***
_TIM3_ETRClockMode1Config           ********   *** removed from Debug\stm8l10x_tim3.o ***
_TIM3_ETRClockMode2Config           ********   *** removed from Debug\stm8l10x_tim3.o ***
_TIM3_ETRConfig                     ********   *** removed from Debug\stm8l10x_tim3.o ***
_TIM3_EncoderInterfaceConfig        ********   *** removed from Debug\stm8l10x_tim3.o ***
_TIM3_ForcedOC1Config               ********   *** removed from Debug\stm8l10x_tim3.o ***
_TIM3_ForcedOC2Config               ********   *** removed from Debug\stm8l10x_tim3.o ***
_TIM3_GenerateEvent                 ********   *** removed from Debug\stm8l10x_tim3.o ***
_TIM3_GetCapture1                   ********   *** removed from Debug\stm8l10x_tim3.o ***
_TIM3_GetCapture2                   ********   *** removed from Debug\stm8l10x_tim3.o ***
_TIM3_GetCounter                    ********   *** removed from Debug\stm8l10x_tim3.o ***
_TIM3_GetFlagStatus                 ********   *** removed from Debug\stm8l10x_tim3.o ***
_TIM3_GetITStatus                   ********   *** removed from Debug\stm8l10x_tim3.o ***
_TIM3_GetPrescaler                  ********   *** removed from Debug\stm8l10x_tim3.o ***
_TIM3_GetStatus                     ********   *** removed from Debug\stm8l10x_tim3.o ***
_TIM3_ICInit                        ********   *** removed from Debug\stm8l10x_tim3.o ***
_TIM3_ITConfig                      ********   *** removed from Debug\stm8l10x_tim3.o ***
_TIM3_InternalClockConfig           ********   *** removed from Debug\stm8l10x_tim3.o ***
_TIM3_OC1FastCmd                    ********   *** removed from Debug\stm8l10x_tim3.o ***
_TIM3_OC1Init                       ********   *** removed from Debug\stm8l10x_tim3.o ***
_TIM3_OC1PolarityConfig             ********   *** removed from Debug\stm8l10x_tim3.o ***
_TIM3_OC1PreloadConfig              ********   *** removed from Debug\stm8l10x_tim3.o ***
_TIM3_OC2FastCmd                    ********   *** removed from Debug\stm8l10x_tim3.o ***
_TIM3_OC2Init                       ********   *** removed from Debug\stm8l10x_tim3.o ***
_TIM3_OC2PolarityConfig             ********   *** removed from Debug\stm8l10x_tim3.o ***
_TIM3_OC2PreloadConfig              ********   *** removed from Debug\stm8l10x_tim3.o ***
_TIM3_PWMIConfig                    ********   *** removed from Debug\stm8l10x_tim3.o ***
_TIM3_PrescalerConfig               ********   *** removed from Debug\stm8l10x_tim3.o ***
_TIM3_SelectHallSensor              ********   *** removed from Debug\stm8l10x_tim3.o ***
_TIM3_SelectInputTrigger            ********   *** removed from Debug\stm8l10x_tim3.o ***
_TIM3_SelectMasterSlaveMode         ********   *** removed from Debug\stm8l10x_tim3.o ***
_TIM3_SelectOCxM                    ********   *** removed from Debug\stm8l10x_tim3.o ***
_TIM3_SelectOnePulseMode            ********   *** removed from Debug\stm8l10x_tim3.o ***
_TIM3_SelectOutputTrigger           ********   *** removed from Debug\stm8l10x_tim3.o ***
_TIM3_SelectSlaveMode               ********   *** removed from Debug\stm8l10x_tim3.o ***
_TIM3_SetAutoreload                 ********   *** removed from Debug\stm8l10x_tim3.o ***
_TIM3_SetCompare1                   ********   *** removed from Debug\stm8l10x_tim3.o ***
_TIM3_SetCompare2                   ********   *** removed from Debug\stm8l10x_tim3.o ***
_TIM3_SetCounter                    ********   *** removed from Debug\stm8l10x_tim3.o ***
_TIM3_SetIC1Prescaler               ********   *** removed from Debug\stm8l10x_tim3.o ***
_TIM3_SetIC2Prescaler               ********   *** removed from Debug\stm8l10x_tim3.o ***
_TIM3_TIxExternalClockConfig        ********   *** removed from Debug\stm8l10x_tim3.o ***
_TIM3_TimeBaseInit                  ********   *** removed from Debug\stm8l10x_tim3.o ***
_TIM3_UpdateDisableConfig           ********   *** removed from Debug\stm8l10x_tim3.o ***
_TIM3_UpdateRequestConfig           ********   *** removed from Debug\stm8l10x_tim3.o ***
_TIM4_ARRPreloadConfig              ********   *** removed from Debug\stm8l10x_tim4.o ***
_TIM4_ClearFlag                     ********   *** removed from Debug\stm8l10x_tim4.o ***
_TIM4_ClearITPendingBit             ********   *** removed from Debug\stm8l10x_tim4.o ***
_TIM4_Cmd                           ********   *** removed from Debug\stm8l10x_tim4.o ***
_TIM4_DeInit                        ********   *** removed from Debug\stm8l10x_tim4.o ***
_TIM4_GenerateEvent                 ********   *** removed from Debug\stm8l10x_tim4.o ***
_TIM4_GetCounter                    ********   *** removed from Debug\stm8l10x_tim4.o ***
_TIM4_GetFlagStatus                 ********   *** removed from Debug\stm8l10x_tim4.o ***
_TIM4_GetITStatus                   ********   *** removed from Debug\stm8l10x_tim4.o ***
_TIM4_GetPrescaler                  ********   *** removed from Debug\stm8l10x_tim4.o ***
_TIM4_GetStatus                     ********   *** removed from Debug\stm8l10x_tim4.o ***
_TIM4_ITConfig                      ********   *** removed from Debug\stm8l10x_tim4.o ***
_TIM4_InternalClockConfig           ********   *** removed from Debug\stm8l10x_tim4.o ***
_TIM4_PrescalerConfig               ********   *** removed from Debug\stm8l10x_tim4.o ***
_TIM4_SelectInputTrigger            ********   *** removed from Debug\stm8l10x_tim4.o ***
_TIM4_SelectMasterSlaveMode         ********   *** removed from Debug\stm8l10x_tim4.o ***
_TIM4_SelectOnePulseMode            ********   *** removed from Debug\stm8l10x_tim4.o ***
_TIM4_SelectOutputTrigger           ********   *** removed from Debug\stm8l10x_tim4.o ***
_TIM4_SelectSlaveMode               ********   *** removed from Debug\stm8l10x_tim4.o ***
_TIM4_SetAutoreload                 ********   *** removed from Debug\stm8l10x_tim4.o ***
_TIM4_SetCounter                    ********   *** removed from Debug\stm8l10x_tim4.o ***
_TIM4_TimeBaseInit                  ********   *** removed from Debug\stm8l10x_tim4.o ***
_TIM4_UpdateDisableConfig           ********   *** removed from Debug\stm8l10x_tim4.o ***
_TIM4_UpdateRequestConfig           ********   *** removed from Debug\stm8l10x_tim4.o ***
_UART_Config                        ********   *** removed from Debug\debug.o ***
_USART_ClearFlag                    ********   *** removed from Debug\stm8l10x_usart.o ***
_USART_ClearITPendingBit            ********   *** removed from Debug\stm8l10x_usart.o ***
_USART_ClockInit                    ********   *** removed from Debug\stm8l10x_usart.o ***
_USART_Cmd                          ********   *** removed from Debug\stm8l10x_usart.o ***
_USART_DeInit                       ********   *** removed from Debug\stm8l10x_usart.o ***
_USART_GetFlagStatus                ********   *** removed from Debug\stm8l10x_usart.o ***
_USART_GetITStatus                  ********   *** removed from Debug\stm8l10x_usart.o ***
_USART_ITConfig                     ********   *** removed from Debug\stm8l10x_usart.o ***
_USART_Init                         ********   *** removed from Debug\stm8l10x_usart.o ***
_USART_ReceiveData8                 ********   *** removed from Debug\stm8l10x_usart.o ***
_USART_ReceiveData9                 ********   *** removed from Debug\stm8l10x_usart.o ***
_USART_ReceiverWakeUpCmd            ********   *** removed from Debug\stm8l10x_usart.o ***
_USART_SendBreak                    ********   *** removed from Debug\stm8l10x_usart.o ***
_USART_SendData8                    ********   *** removed from Debug\stm8l10x_usart.o ***
_USART_SendData9                    ********   *** removed from Debug\stm8l10x_usart.o ***
_USART_SetAddress                   ********   *** removed from Debug\stm8l10x_usart.o ***
_USART_WakeUpConfig                 ********   *** removed from Debug\stm8l10x_usart.o ***
_WFE_DeInit                         ********   *** removed from Debug\stm8l10x_wfe.o ***
_WFE_GetWakeUpSourceEventStatus     ********   *** removed from Debug\stm8l10x_wfe.o ***
_WFE_WakeUpSourceEventCmd           ********   *** removed from Debug\stm8l10x_wfe.o ***
__Delay                             ********   *** removed from Debug\main.o ***
__endmem                            000003fe   defined in command file
                                               *** not used ***
__endzp                             00000006   defined in command file section .ubsct
                                               used in C:\Program Files (x86)\COSMIC\CXSTM8_32K\Lib\crtsi0.sm8
__idesc__                           00008080   defined in linker section .init
                                               used in C:\Program Files (x86)\COSMIC\CXSTM8_32K\Lib\crtsi0.sm8
__memory                            00000100   defined in command file section .bss
                                               used in C:\Program Files (x86)\COSMIC\CXSTM8_32K\Lib\crtsi0.sm8
__stack                             000005ff   defined in command file
                                               used in C:\Program Files (x86)\COSMIC\CXSTM8_32K\Lib\crtsi0.sm8
__startmem                          00000100   defined in command file section .bss
                                               *** not used ***
__stext                             00008083   defined in C:\Program Files (x86)\COSMIC\CXSTM8_32K\Lib\crtsi0.sm8 section .text
                                               used in Debug\stm8_interrupt_vector.o
__vectab                            00008000   defined in Debug\stm8_interrupt_vector.o section .const
_exit                               000080d1   defined in C:\Program Files (x86)\COSMIC\CXSTM8_32K\Lib\crtsi0.sm8 section .text
_main                               00008106   defined in Debug\main.o section .text
                                               used in C:\Program Files (x86)\COSMIC\CXSTM8_32K\Lib\crtsi0.sm8
c_divsl                             ********   *** removed from (C:\Program Files (x86)\COSMIC\CXSTM8_32K\Lib\libm0.sm8)ldiv.o ***
c_divul                             ********   *** removed from (C:\Program Files (x86)\COSMIC\CXSTM8_32K\Lib\libm0.sm8)ldiv.o ***
c_imul                              ********   *** removed from (C:\Program Files (x86)\COSMIC\CXSTM8_32K\Lib\libm0.sm8)imul.o ***
c_lcmp                              ********   *** removed from (C:\Program Files (x86)\COSMIC\CXSTM8_32K\Lib\libm0.sm8)lcmp.o ***
c_lgneg                             ********   *** removed from (C:\Program Files (x86)\COSMIC\CXSTM8_32K\Lib\libm0.sm8)lgneg.o ***
c_lgsbc                             ********   *** removed from (C:\Program Files (x86)\COSMIC\CXSTM8_32K\Lib\libm0.sm8)lgsbc.o ***
c_llsh                              ********   *** removed from (C:\Program Files (x86)\COSMIC\CXSTM8_32K\Lib\libm0.sm8)llsh.o ***
c_lmul                              ********   *** removed from (C:\Program Files (x86)\COSMIC\CXSTM8_32K\Lib\libm0.sm8)lmul.o ***
c_lmulc                             ********   *** removed from (C:\Program Files (x86)\COSMIC\CXSTM8_32K\Lib\libm0.sm8)lmul.o ***
c_lneg                              ********   *** removed from (C:\Program Files (x86)\COSMIC\CXSTM8_32K\Lib\libm0.sm8)lneg.o ***
c_lreg                              ********   *** removed from (C:\Program Files (x86)\COSMIC\CXSTM8_32K\Lib\libm0.sm8)lreg.o ***
c_lrzmp                             ********   *** removed from (C:\Program Files (x86)\COSMIC\CXSTM8_32K\Lib\libm0.sm8)lrzmp.o ***
c_ltor                              ********   *** removed from (C:\Program Files (x86)\COSMIC\CXSTM8_32K\Lib\libm0.sm8)ltor.o ***
c_ludv                              ********   *** removed from (C:\Program Files (x86)\COSMIC\CXSTM8_32K\Lib\libm0.sm8)ludiv.o ***
c_lumd                              ********   *** removed from (C:\Program Files (x86)\COSMIC\CXSTM8_32K\Lib\libm0.sm8)lumod.o ***
c_lursh                             ********   *** removed from (C:\Program Files (x86)\COSMIC\CXSTM8_32K\Lib\libm0.sm8)lursh.o ***
c_lzmp                              ********   *** removed from (C:\Program Files (x86)\COSMIC\CXSTM8_32K\Lib\libm0.sm8)lzmp.o ***
c_rtol                              ********   *** removed from (C:\Program Files (x86)\COSMIC\CXSTM8_32K\Lib\libm0.sm8)rtol.o ***
c_sdivx                             ********   *** removed from (C:\Program Files (x86)\COSMIC\CXSTM8_32K\Lib\libm0.sm8)sdivx.o ***
c_smodx                             ********   *** removed from (C:\Program Files (x86)\COSMIC\CXSTM8_32K\Lib\libm0.sm8)sdivx.o ***
c_smul                              ********   *** removed from (C:\Program Files (x86)\COSMIC\CXSTM8_32K\Lib\libm0.sm8)smul.o ***
c_uitol                             ********   *** removed from (C:\Program Files (x86)\COSMIC\CXSTM8_32K\Lib\libm0.sm8)utol.o ***
c_uitolx                            ********   *** removed from (C:\Program Files (x86)\COSMIC\CXSTM8_32K\Lib\libm0.sm8)utolx.o ***
c_x                                 00000000   defined in (C:\Program Files (x86)\COSMIC\CXSTM8_32K\Lib\libm0.sm8)xreg.o section .ubsct
                                               used in C:\Program Files (x86)\COSMIC\CXSTM8_32K\Lib\crtsi0.sm8
                                                       Debug\stm8l10x_it.o
                                                       Debug\stm8l10x_awu.o
                                                       Debug\stm8l10x_beep.o
                                                       (C:\Program Files (x86)\COSMIC\CXSTM8_32K\Lib\libm0.sm8)imul.o
                                                       (C:\Program Files (x86)\COSMIC\CXSTM8_32K\Lib\libm0.sm8)lmul.o
                                                       (C:\Program Files (x86)\COSMIC\CXSTM8_32K\Lib\libm0.sm8)ldiv.o
                                                       (C:\Program Files (x86)\COSMIC\CXSTM8_32K\Lib\libm0.sm8)sdivx.o
c_y                                 00000003   defined in (C:\Program Files (x86)\COSMIC\CXSTM8_32K\Lib\libm0.sm8)yreg.o section .ubsct
                                               used in C:\Program Files (x86)\COSMIC\CXSTM8_32K\Lib\crtsi0.sm8
                                                       Debug\stm8l10x_it.o
f_AWU_IRQHandler                    00008115   defined in Debug\stm8l10x_it.o section .text
                                               used in Debug\stm8_interrupt_vector.o
f_COMP_IRQHandler                   00008120   defined in Debug\stm8l10x_it.o section .text
                                               used in Debug\stm8_interrupt_vector.o
f_EXTI0_IRQHandler                  00008118   defined in Debug\stm8l10x_it.o section .text
                                               used in Debug\stm8_interrupt_vector.o
f_EXTI1_IRQHandler                  00008119   defined in Debug\stm8l10x_it.o section .text
                                               used in Debug\stm8_interrupt_vector.o
f_EXTI2_IRQHandler                  0000811a   defined in Debug\stm8l10x_it.o section .text
                                               used in Debug\stm8_interrupt_vector.o
f_EXTI3_IRQHandler                  0000811b   defined in Debug\stm8l10x_it.o section .text
                                               used in Debug\stm8_interrupt_vector.o
f_EXTI4_IRQHandler                  0000811c   defined in Debug\stm8l10x_it.o section .text
                                               used in Debug\stm8_interrupt_vector.o
f_EXTI5_IRQHandler                  0000811d   defined in Debug\stm8l10x_it.o section .text
                                               used in Debug\stm8_interrupt_vector.o
f_EXTI6_IRQHandler                  0000811e   defined in Debug\stm8l10x_it.o section .text
                                               used in Debug\stm8_interrupt_vector.o
f_EXTI7_IRQHandler                  0000811f   defined in Debug\stm8l10x_it.o section .text
                                               used in Debug\stm8_interrupt_vector.o
f_EXTIB_IRQHandler                  00008116   defined in Debug\stm8l10x_it.o section .text
                                               used in Debug\stm8_interrupt_vector.o
f_EXTID_IRQHandler                  00008117   defined in Debug\stm8l10x_it.o section .text
                                               used in Debug\stm8_interrupt_vector.o
f_FLASH_IRQHandler                  00008114   defined in Debug\stm8l10x_it.o section .text
                                               used in Debug\stm8_interrupt_vector.o
f_I2C_IRQHandler                    00008155   defined in Debug\stm8l10x_it.o section .text
                                               used in Debug\stm8_interrupt_vector.o
f_NonHandledInterrupt               00008112   defined in Debug\stm8l10x_it.o section .text
                                               used in Debug\stm8_interrupt_vector.o
f_SPI_IRQHandler                    00008152   defined in Debug\stm8l10x_it.o section .text
                                               used in Debug\stm8_interrupt_vector.o
f_TIM2_CAP_IRQHandler               0000814e   defined in Debug\stm8l10x_it.o section .text
                                               used in Debug\stm8_interrupt_vector.o
f_TIM2_UPD_OVF_TRG_BRK_IRQHandler   00008121   defined in Debug\stm8l10x_it.o section .text
                                               used in Debug\stm8_interrupt_vector.o
f_TIM3_CAP_IRQHandler               00008150   defined in Debug\stm8l10x_it.o section .text
                                               used in Debug\stm8_interrupt_vector.o
f_TIM3_UPD_OVF_TRG_BRK_IRQHandler   0000814f   defined in Debug\stm8l10x_it.o section .text
                                               used in Debug\stm8_interrupt_vector.o
f_TIM4_UPD_OVF_IRQHandler           00008151   defined in Debug\stm8l10x_it.o section .text
                                               used in Debug\stm8_interrupt_vector.o
f_TRAP_IRQHandler                   00008113   defined in Debug\stm8l10x_it.o section .text
                                               used in Debug\stm8_interrupt_vector.o
f_USART_RX_IRQHandler               00008154   defined in Debug\stm8l10x_it.o section .text
                                               used in Debug\stm8_interrupt_vector.o
f_USART_TX_IRQHandler               00008153   defined in Debug\stm8l10x_it.o section .text
                                               used in Debug\stm8_interrupt_vector.o
